==========================================================================
Title:      1 hour increments
Date:       2023-04-06 16:37:42.426236
Command:    select min(value) as min_val, max(value) as max_val, avg(value)::float(6) as avg_value, sum(value)::float(6) as sum_val, count(*) as row_count from ping_sensor where period(hour, 1, now(), timestamp)
DBMS:       test
Format:     table
==========================================================================
min_val max_val avg_value sum_val  row_count 
------- ------- --------- -------- --------- 
    0.0   48.97 15.372958 25257.77      1643 
