==========================================================================
Title:      1 second increments
Date:       2023-04-06 16:37:41.530103
Command:    select device_name, min(value) as min_val, max(value) as max_val, avg(value)::float(6) as avg_value, sum(value)::float(6) as sum_val, count(*) as row_count from ping_sensor where period(second, 1, now(), timestamp) group by device_name
DBMS:       test
Format:     table
==========================================================================
device_name     min_val max_val avg_value sum_val row_count 
--------------- ------- ------- --------- ------- --------- 
ADVA FSP3000R7      0.0    3.99  1.899385  370.38       195 
Catalyst 3500XL    0.46   48.97 25.996893 4601.45       177 
GOOGLE_PING        2.36   36.93  20.01901 3843.65       192 
Ubiquiti OLT        0.2   48.63   24.9061 4981.22       200 
VM Lit SL NMS      0.04    10.9  5.430146 1118.61       206 
