==========================================================================
Title:      1 day increments
Date:       2023-04-06 16:37:42.886817
Command:    select min(timestamp) as min_ts, max(timestamp) as max_ts, min(value) as min_val, max(value) as max_val, avg(value)::float(6) as avg_value, sum(value)::float(6) as sum_val, count(*) as row_count from ping_sensor where period(day, 1, '2022-12-31 00:00:00', timestamp)
DBMS:       test
Format:     table
==========================================================================
min_ts                     max_ts                     min_val max_val avg_value sum_val row_count 
-------------------------- -------------------------- ------- ------- --------- ------- --------- 
2022-04-15 21:05:46.091270 2022-04-16 20:33:46.370019    0.03    42.0 14.410833 1037.58        72 
