==========================================================================
Title:      7 day increments
Date:       2023-04-06 16:37:51.382911
Command:    select min(timestamp) as min_ts, max(timestamp) as max_ts, min(value) as min_val, max(value) as max_val, avg(value)::float(6) as avg_value, sum(value)::float(6) as sum_val, count(*) as row_count from ping_sensor where period(day, 7, '2022-12-31 00:00:00', timestamp)
DBMS:       test
Include:    (percentagecpu_sensor)
Extend:     (@table_name as table)
Format:     table
==========================================================================
table                min_ts                     max_ts                     min_val max_val avg_value sum_val  row_count 
-------------------- -------------------------- -------------------------- ------- ------- --------- -------- --------- 
percentagecpu_sensor 2022-04-09 20:46:52.383876 2022-04-16 20:09:52.725939    0.23   99.96 49.297267 47621.16       966 
ping_sensor          2022-04-09 20:45:46.057519 2022-04-16 20:33:46.370019    0.02   48.79 14.356985 13237.14       922 
