==========================================================================
Title:      1 month increments
Date:       2023-04-06 16:37:52.010205
Command:    select min(timestamp) as min_ts, max(timestamp) as max_ts, min(value) as min_val, max(value) as max_val, avg(value)::float(6) as avg_value, sum(value)::float(6) as sum_val, count(*) as row_count from ping_sensor where period(month, 1, '2022-12-31 00:00:00', timestamp)
DBMS:       test
Include:    (percentagecpu_sensor)
Extend:     (@table_name as table)
Format:     table
==========================================================================
table                min_ts                     max_ts                     min_val max_val avg_value sum_val   row_count 
-------------------- -------------------------- -------------------------- ------- ------- --------- --------- --------- 
percentagecpu_sensor 2022-03-16 20:34:51.592612 2022-04-16 20:09:52.725939     0.0   99.99 50.603416 217291.07      4294 
ping_sensor          2022-03-16 20:35:47.246548 2022-04-16 20:33:46.370019     0.0    49.0 14.892848  61864.89      4154 
