==========================================================================
Title:      Aggregate Summary with GROUP BY string
Date:       2023-04-05 22:14:02.704767
Command:    select device_name, min(value) as min_val, max(value) as max_val, avg(value)::float(6) as avg_value, sum(value)::float(6) as sum_val, count(*) as row_count from ping_sensor group by device_name
DBMS:       test
Include:    (percentagecpu_sensor)
Format:     table
==========================================================================
device_name     min_val max_val avg_value sum_val   row_count 
--------------- ------- ------- --------- --------- --------- 
ADVA FSP3000R7      0.0   99.99 25.496954 101528.87      3982 
Catalyst 3500XL     0.0   99.94 37.446675 147315.22      3934 
GOOGLE_PING        0.02   99.94    35.229 141338.75      4012 
Ubiquiti OLT       0.05    99.9 37.550027 150951.11      4020 
VM Lit SL NMS       0.0   99.96  28.09305 113833.04      4052 
