==========================================================================
Title:      15 day increments
<<<<<<< HEAD
Date:       2023-04-10 22:00:04.066432
=======
Date:       2023-04-06 16:37:51.631410
>>>>>>> 092473e91cf7a7f8cfcc7fb5f108be000a111fc7
Command:    select min(timestamp) as min_ts, max(timestamp) as max_ts, min(value) as min_val, max(value) as max_val, avg(value)::float(6) as avg_value, sum(value)::float(6) as sum_val, count(*) as row_count from ping_sensor where period(day, 15, '2022-12-31 00:00:00', timestamp)
DBMS:       test
Include:    (percentagecpu_sensor)
Extend:     (@table_name as table)
Format:     table
==========================================================================
table                min_ts                     max_ts                     min_val max_val avg_value sum_val   row_count 
-------------------- -------------------------- -------------------------- ------- ------- --------- --------- --------- 
percentagecpu_sensor 2022-04-01 20:41:52.710631 2022-04-16 20:09:52.725939    0.07   99.99 50.271692 104012.13      2069 
ping_sensor          2022-04-01 20:40:47.532840 2022-04-16 20:33:46.370019    0.01    49.0 15.125623  30099.99      1990 
