==========================================================================
Title:      12 hour increments
<<<<<<< HEAD
Date:       2023-04-10 22:00:03.389311
=======
Date:       2023-04-06 16:37:50.937824
>>>>>>> 092473e91cf7a7f8cfcc7fb5f108be000a111fc7
Command:    select min(value) as min_val, max(value) as max_val, avg(value)::float(6) as avg_value, sum(value)::float(6) as sum_val, count(*) as row_count from ping_sensor where period(hour, 12, now(), timestamp)
DBMS:       test
Include:    (percentagecpu_sensor)
Extend:     (@table_name as table)
Format:     table
==========================================================================
table                min_val max_val avg_value sum_val  row_count 
-------------------- ------- ------- --------- -------- --------- 
<<<<<<< HEAD
percentagecpu_sensor    0.02   99.92  49.98189 55279.97      1106 
=======
percentagecpu_sensor    0.34    99.8 49.350859 39085.88       792 
>>>>>>> 092473e91cf7a7f8cfcc7fb5f108be000a111fc7
ping_sensor              0.0   48.97 15.372958 25257.77      1643 
