==========================================================================
Title:      30 minute increments
<<<<<<< HEAD
Date:       2023-04-10 21:59:43.262255
=======
Date:       2023-04-06 16:32:02.142035
>>>>>>> 092473e91cf7a7f8cfcc7fb5f108be000a111fc7
Command:    select increments(minute, 30, timestamp), device_name, min(timestamp) as min_ts, max(timestamp) as max_ts, min(value) as min_val, max(value) as max_val, avg(value)::float(6) as avg_value, sum(value)::float(6) as sum_val, count(*) as row_count from ping_sensor where timestamp >= '2022-02-15 19:00:00' and timestamp <= '2022-02-15 20:00:00' group by device_name
DBMS:       test
Include:    (percentagecpu_sensor)
Format:     table
==========================================================================
device_name     min_ts                     max_ts                     min_val max_val avg_value sum_val row_count 
--------------- -------------------------- -------------------------- ------- ------- --------- ------- --------- 
ADVA FSP3000R7  2022-02-15 19:18:52.723688 2022-02-15 19:18:52.723688   47.38   47.38     47.38   47.38         1 
Catalyst 3500XL 2022-02-15 19:25:46.424230 2022-02-15 19:25:46.424230   28.32   28.32     28.32   28.32         1 
GOOGLE_PING     2022-02-15 19:04:46.391523 2022-02-15 19:16:46.415340   15.16   21.05    18.105   36.21         2 
Ubiquiti OLT    2022-02-15 19:20:46.747508 2022-02-15 19:20:46.747508   36.81   36.81     36.81   36.81         1 
VM Lit SL NMS   2022-02-15 19:26:47.242941 2022-02-15 19:29:51.280598    4.26   68.33    36.295   72.59         2 
ADVA FSP3000R7  2022-02-15 19:30:47.217171 2022-02-15 19:30:47.217171     3.5     3.5       3.5     3.5         1 
Catalyst 3500XL 2022-02-15 19:33:52.375153 2022-02-15 19:33:52.375153   77.54   77.54     77.54   77.54         1 
GOOGLE_PING     2022-02-15 19:59:47.554615 2022-02-15 19:59:47.554615   30.21   30.21     30.21   30.21         1 
Ubiquiti OLT    2022-02-15 19:51:46.743786 2022-02-15 19:51:46.743786   39.28   39.28     39.28   39.28         1 
VM Lit SL NMS   2022-02-15 19:47:46.850080 2022-02-15 19:59:47.537468    7.95    9.27  8.646667   25.94         3 
