==========================================================================
Title:      1 day increments
<<<<<<< HEAD
Date:       2023-04-10 21:59:41.879248
=======
Date:       2023-04-06 16:32:00.976842
>>>>>>> 092473e91cf7a7f8cfcc7fb5f108be000a111fc7
Command:    select increments(day, 1, timestamp), min(timestamp) as min_ts, max(timestamp) as max_ts, min(value) as min_val, max(value) as max_val, avg(value)::float(6) as avg_value, sum(value)::float(6) as sum_val, count(*) as row_count from ping_sensor where timestamp >= '2022-02-01 00:00:00' and timestamp < '2022-03-01 00:00:00'
DBMS:       test
Format:     table
==========================================================================
min_ts                     max_ts                     min_val max_val avg_value sum_val row_count 
-------------------------- -------------------------- ------- ------- --------- ------- --------- 
2022-02-13 21:21:46.746294 2022-02-13 23:46:47.209683    3.55   46.27    25.068  125.34         5 
2022-02-14 00:05:46.394511 2022-02-14 23:35:47.507093     0.5    48.2 18.064521 1318.71        73 
2022-02-15 00:01:46.048094 2022-02-15 23:57:47.524155    0.08    48.7  16.16183 2472.76       153 
2022-02-16 00:00:47.245747 2022-02-16 23:50:46.814411    0.04   48.28 17.111618 2327.18       136 
2022-02-17 00:25:46.824363 2022-02-17 23:52:46.406387    0.02    48.9 15.224737 2024.89       133 
2022-02-18 00:17:46.371949 2022-02-18 23:47:46.421230    0.17   48.88 15.005821 2010.78       134 
2022-02-19 00:17:47.231540 2022-02-19 23:46:46.102743    0.02   48.35 15.128156 2133.07       141 
2022-02-20 00:04:46.045280 2022-02-20 23:59:46.416928     0.0   48.85  16.20104 2025.13       125 
2022-02-21 00:01:46.371136 2022-02-21 23:57:46.097712     0.1   47.85 15.257466 2227.59       146 
2022-02-22 00:13:47.197810 2022-02-22 23:59:46.081110    0.38   48.11 18.145224 2431.46       134 
2022-02-23 00:18:47.557528 2022-02-23 23:49:47.239012    0.02   48.91 15.717258 1948.94       124 
2022-02-24 00:13:46.813195 2022-02-24 23:51:47.507125    0.02    48.5 15.410068 2280.69       148 
2022-02-25 00:10:46.416035 2022-02-25 23:57:47.210332    0.05   48.92 16.650476 2097.96       126 
2022-02-26 00:22:47.538898 2022-02-26 23:59:46.384026    0.06   47.84 13.281799 1846.17       139 
2022-02-27 00:12:46.838726 2022-02-27 23:59:47.509135     0.0    49.0 15.335068 2238.92       146 
2022-02-28 01:08:46.091357 2022-02-28 23:43:46.851381    0.04   48.96 16.632308 2378.42       143 
