==========================================================================
Title:      30 second increments
<<<<<<< HEAD
Date:       2023-04-10 21:59:40.988959
=======
Date:       2023-04-06 16:32:00.274829
>>>>>>> 092473e91cf7a7f8cfcc7fb5f108be000a111fc7
Command:    select increments(second, 30, timestamp), min(timestamp) as min_ts, max(timestamp) as max_ts, min(value) as min_val, max(value) as max_val, avg(value)::float(6) as avg_value, sum(value)::float(6) as sum_val, count(*) as row_count from ping_sensor where timestamp >= '2022-02-15 19:00:00' and timestamp <= '2022-02-15 20:00:00'
DBMS:       test
Format:     table
==========================================================================
min_ts                     max_ts                     min_val max_val avg_value sum_val row_count 
-------------------------- -------------------------- ------- ------- --------- ------- --------- 
2022-02-15 19:04:46.391523 2022-02-15 19:04:46.391523   15.16   15.16     15.16   15.16         1 
2022-02-15 19:16:46.415340 2022-02-15 19:16:46.415340   21.05   21.05     21.05   21.05         1 
2022-02-15 19:20:46.747508 2022-02-15 19:20:46.747508   36.81   36.81     36.81   36.81         1 
2022-02-15 19:25:46.424230 2022-02-15 19:25:46.424230   28.32   28.32     28.32   28.32         1 
2022-02-15 19:26:47.242941 2022-02-15 19:26:47.242941    4.26    4.26      4.26    4.26         1 
2022-02-15 19:30:47.217171 2022-02-15 19:30:47.217171     3.5     3.5       3.5     3.5         1 
2022-02-15 19:47:46.850080 2022-02-15 19:47:46.850080    7.95    7.95      7.95    7.95         1 
2022-02-15 19:51:46.743786 2022-02-15 19:51:46.743786   39.28   39.28     39.28   39.28         1 
2022-02-15 19:58:47.219837 2022-02-15 19:58:47.219837    9.27    9.27      9.27    9.27         1 
2022-02-15 19:59:47.537468 2022-02-15 19:59:47.554615    8.72   30.21    19.465   38.93         2 
