==========================================================================
Title:      Demo Query 2
Date:       2023-03-19 23:31:17.466863
Command:    select increments(minute, 1, timestamp), device_name, min(timestamp)::ljust(19)::rjust(8) as timestamp, min(value) as min, max(value) as max, avg(value)::float(2) as avg, from ping_sensor where timestamp >= '2022-02-17 14:01:51.249653' and timestamp <= '2022-02-17 14:55:47.250313' group by device_name order by timestamp desc
DBMS:       test
Include:    (percentagecpu_sensor)
Extend:     (@table_name as table)
Format:     table
==========================================================================
table                device_name     timestamp min   max   avg   
-------------------- --------------- --------- ----- ----- ----- 
percentagecpu_sensor VM Lit SL NMS   14:01:51   47.4  47.4  47.4 
ping_sensor          VM Lit SL NMS   14:02:46   8.31  8.31  8.31 
percentagecpu_sensor Ubiquiti OLT    14:03:51   1.94  1.94  1.94 
percentagecpu_sensor ADVA FSP3000R7  14:08:51  46.47 46.47 46.47 
ping_sensor          ADVA FSP3000R7  14:12:46   1.96  1.96  1.96 
ping_sensor          VM Lit SL NMS   14:16:46   6.02  6.02  6.02 
percentagecpu_sensor Ubiquiti OLT    14:18:51  34.46 34.46 34.46 
ping_sensor          ADVA FSP3000R7  14:21:46   1.44  1.44  1.44 
ping_sensor          GOOGLE_PING     14:21:46  23.88 23.88 23.88 
ping_sensor          ADVA FSP3000R7  14:22:46   1.83  1.83  1.83 
percentagecpu_sensor GOOGLE_PING     14:24:51  57.61 57.61 57.61 
ping_sensor          VM Lit SL NMS   14:24:46   8.73  8.73  8.73 
ping_sensor          Ubiquiti OLT    14:28:46  40.73 40.73 40.73 
ping_sensor          ADVA FSP3000R7  14:32:47   2.23  2.23  2.23 
ping_sensor          VM Lit SL NMS   14:33:47  10.13 10.13 10.13 
percentagecpu_sensor ADVA FSP3000R7  14:35:51  82.34 82.34 82.34 
percentagecpu_sensor ADVA FSP3000R7  14:38:52  17.86 17.86 17.86 
ping_sensor          Catalyst 3500XL 14:45:46  22.79 22.79 22.79 
ping_sensor          Catalyst 3500XL 14:51:47  10.64 10.64 10.64 
ping_sensor          ADVA FSP3000R7  14:53:47   0.22  0.22  0.22 
percentagecpu_sensor VM Lit SL NMS   14:54:51  12.37 12.37 12.37 
ping_sensor          VM Lit SL NMS   14:55:47   1.19  1.19  1.19 

==========================================================================
Rows:     22
Run Time: 00:00:00
==========================================================================
