==========================================================================
Date:       2023-03-19 23:31:24.386650
Command:    select file, start_ts::ljust(19), end_ts::ljust(19), num_cars, speed from video where period(day, 1, '2022-02-13 09:56:42.082401', start_ts) order by speed -- > selection(columns: ip using ip and port using port and dbms using dbms_name and table using table_name and file using file)
DBMS:       test
Extend:     (+country,+city,@ip,@port,@dbms_name,@table_name)
Format:     json
==========================================================================
{"Query": [{"country": "US", "city": "San Carlos", "ip": "10.0.0.184", "port": "32148", "dbms_name": "test", "table_name": "video", "file": "test.video.1679112282.mp4", "start_ts": "2022-02-13T09:56:42", "end_ts": "2022-02-13T09:57:35", "num_cars": 47, "speed": 63.41},
{"country": "US", "city": "San Carlos", "ip": "10.0.0.184", "port": "32148", "dbms_name": "test", "table_name": "video", "file": "test.video.1679112282.mp4", "start_ts": "2022-02-13T09:56:42", "end_ts": "2022-02-13T09:57:35", "num_cars": 47, "speed": 63.41},
{"country": "US", "city": "San Carlos", "ip": "10.0.0.184", "port": "32148", "dbms_name": "test", "table_name": "video", "file": "test.video.1679112282.mp4", "start_ts": "2022-02-13T09:56:42", "end_ts": "2022-02-13T09:57:35", "num_cars": 47, "speed": 63.41},
{"country": "US", "city": "San Carlos", "ip": "10.0.0.184", "port": "32148", "dbms_name": "test", "table_name": "video", "file": "test.video.1679112282.mp4", "start_ts": "2022-02-13T09:56:42", "end_ts": "2022-02-13T09:57:35", "num_cars": 47, "speed": 63.41},
{"country": "US", "city": "San Carlos", "ip": "10.0.0.184", "port": "32148", "dbms_name": "test", "table_name": "video", "file": "test.video.1679112282.mp4", "start_ts": "2022-02-13T09:56:42", "end_ts": "2022-02-13T09:57:35", "num_cars": 47, "speed": 63.41},
{"country": "US", "city": "San Carlos", "ip": "10.0.0.184", "port": "32148", "dbms_name": "test", "table_name": "video", "file": "test.video.1679112282.mp4", "start_ts": "2022-02-13T09:56:42", "end_ts": "2022-02-13T09:57:35", "num_cars": 47, "speed": 63.41},
{"country": "US", "city": "San Carlos", "ip": "10.0.0.184", "port": "32148", "dbms_name": "test", "table_name": "video", "file": "test.video.1679112282.mp4", "start_ts": "2022-02-13T09:56:42", "end_ts": "2022-02-13T09:57:35", "num_cars": 47, "speed": 63.41},
{"country": "US", "city": "San Carlos", "ip": "10.0.0.184", "port": "32148", "dbms_name": "test", "table_name": "video", "file": "test.video.1679112282.mp4", "start_ts": "2022-02-13T09:56:42", "end_ts": "2022-02-13T09:57:35", "num_cars": 47, "speed": 63.41},
{"country": "US", "city": "San Carlos", "ip": "10.0.0.184", "port": "32148", "dbms_name": "test", "table_name": "video", "file": "test.video.1679112282.mp4", "start_ts": "2022-02-13T09:56:42", "end_ts": "2022-02-13T09:57:35", "num_cars": 47, "speed": 63.41},
{"country": "US", "city": "San Carlos", "ip": "10.0.0.184", "port": "32148", "dbms_name": "test", "table_name": "video", "file": "test.video.1679112282.mp4", "start_ts": "2022-02-13T09:56:42", "end_ts": "2022-02-13T09:57:35", "num_cars": 47, "speed": 63.41},
{"country": "US", "city": "San Carlos", "ip": "10.0.0.184", "port": "32148", "dbms_name": "test", "table_name": "video", "file": "test.video.1679112282.mp4", "start_ts": "2022-02-13T09:56:42", "end_ts": "2022-02-13T09:57:35", "num_cars": 47, "speed": 63.41},
{"country": "US", "city": "San Carlos", "ip": "10.0.0.184", "port": "32148", "dbms_name": "test", "table_name": "video", "file": "test.video.1679112282.mp4", "start_ts": "2022-02-13T09:56:42", "end_ts": "2022-02-13T09:57:35", "num_cars": 47, "speed": 63.41},
{"country": "US", "city": "San Carlos", "ip": "10.0.0.184", "port": "32148", "dbms_name": "test", "table_name": "video", "file": "test.video.1679112282.mp4", "start_ts": "2022-02-13T09:56:42", "end_ts": "2022-02-13T09:57:35", "num_cars": 47, "speed": 63.41},
{"country": "US", "city": "San Carlos", "ip": "10.0.0.184", "port": "32148", "dbms_name": "test", "table_name": "video", "file": "test.video.1679112282.mp4", "start_ts": "2022-02-13T09:56:42", "end_ts": "2022-02-13T09:57:35", "num_cars": 47, "speed": 63.41},
{"country": "US", "city": "San Carlos", "ip": "10.0.0.184", "port": "32148", "dbms_name": "test", "table_name": "video", "file": "test.video.1679112282.mp4", "start_ts": "2022-02-13T09:56:42", "end_ts": "2022-02-13T09:57:35", "num_cars": 47, "speed": 63.41},
{"country": "US", "city": "San Carlos", "ip": "10.0.0.184", "port": "32148", "dbms_name": "test", "table_name": "video", "file": "test.video.1679112282.mp4", "start_ts": "2022-02-13T09:56:42", "end_ts": "2022-02-13T09:57:35", "num_cars": 47, "speed": 63.41},
{"country": "US", "city": "San Carlos", "ip": "10.0.0.184", "port": "32148", "dbms_name": "test", "table_name": "video", "file": "test.video.1679112282.mp4", "start_ts": "2022-02-13T09:56:42", "end_ts": "2022-02-13T09:57:35", "num_cars": 47, "speed": 63.41},
{"country": "US", "city": "San Carlos", "ip": "10.0.0.184", "port": "32148", "dbms_name": "test", "table_name": "video", "file": "test.video.1679112282.mp4", "start_ts": "2022-02-13T09:56:42", "end_ts": "2022-02-13T09:57:35", "num_cars": 47, "speed": 63.41},
{"country": "US", "city": "San Carlos", "ip": "10.0.0.184", "port": "32148", "dbms_name": "test", "table_name": "video", "file": "test.video.1679112282.mp4", "start_ts": "2022-02-13T09:56:42", "end_ts": "2022-02-13T09:57:35", "num_cars": 47, "speed": 63.41},
{"country": "US", "city": "San Carlos", "ip": "10.0.0.184", "port": "32148", "dbms_name": "test", "table_name": "video", "file": "test.video.1679112282.mp4", "start_ts": "2022-02-13T09:56:42", "end_ts": "2022-02-13T09:57:35", "num_cars": 47, "speed": 63.41},
{"country": "US", "city": "San Carlos", "ip": "10.0.0.184", "port": "32148", "dbms_name": "test", "table_name": "video", "file": "test.video.1679112492.mp4", "start_ts": "2022-02-12T13:06:12", "end_ts": "2022-02-12T13:06:58", "num_cars": 13, "speed": 69.36},
{"country": "US", "city": "San Carlos", "ip": "10.0.0.184", "port": "32148", "dbms_name": "test", "table_name": "video", "file": "test.video.1679112492.mp4", "start_ts": "2022-02-12T13:06:12", "end_ts": "2022-02-12T13:06:58", "num_cars": 13, "speed": 69.36},
{"country": "US", "city": "San Carlos", "ip": "10.0.0.184", "port": "32148", "dbms_name": "test", "table_name": "video", "file": "test.video.1679112492.mp4", "start_ts": "2022-02-12T13:06:12", "end_ts": "2022-02-12T13:06:58", "num_cars": 13, "speed": 69.36},
{"country": "US", "city": "San Carlos", "ip": "10.0.0.184", "port": "32148", "dbms_name": "test", "table_name": "video", "file": "test.video.1679112492.mp4", "start_ts": "2022-02-12T13:06:12", "end_ts": "2022-02-12T13:06:58", "num_cars": 13, "speed": 69.36},
{"country": "US", "city": "San Carlos", "ip": "10.0.0.184", "port": "32148", "dbms_name": "test", "table_name": "video", "file": "test.video.1679112492.mp4", "start_ts": "2022-02-12T13:06:12", "end_ts": "2022-02-12T13:06:58", "num_cars": 13, "speed": 69.36},
{"country": "US", "city": "San Carlos", "ip": "10.0.0.184", "port": "32148", "dbms_name": "test", "table_name": "video", "file": "test.video.1679112492.mp4", "start_ts": "2022-02-12T13:06:12", "end_ts": "2022-02-12T13:06:58", "num_cars": 13, "speed": 69.36},
{"country": "US", "city": "San Carlos", "ip": "10.0.0.184", "port": "32148", "dbms_name": "test", "table_name": "video", "file": "test.video.1679112492.mp4", "start_ts": "2022-02-12T13:06:12", "end_ts": "2022-02-12T13:06:58", "num_cars": 13, "speed": 69.36},
{"country": "US", "city": "San Carlos", "ip": "10.0.0.184", "port": "32148", "dbms_name": "test", "table_name": "video", "file": "test.video.1679112492.mp4", "start_ts": "2022-02-12T13:06:12", "end_ts": "2022-02-12T13:06:58", "num_cars": 13, "speed": 69.36},
{"country": "US", "city": "San Carlos", "ip": "10.0.0.184", "port": "32148", "dbms_name": "test", "table_name": "video", "file": "test.video.1679112492.mp4", "start_ts": "2022-02-12T13:06:12", "end_ts": "2022-02-12T13:06:58", "num_cars": 13, "speed": 69.36},
{"country": "US", "city": "San Carlos", "ip": "10.0.0.184", "port": "32148", "dbms_name": "test", "table_name": "video", "file": "test.video.1679112492.mp4", "start_ts": "2022-02-12T13:06:12", "end_ts": "2022-02-12T13:06:58", "num_cars": 13, "speed": 69.36},
{"country": "US", "city": "San Carlos", "ip": "10.0.0.184", "port": "32148", "dbms_name": "test", "table_name": "video", "file": "test.video.1679112492.mp4", "start_ts": "2022-02-12T13:06:12", "end_ts": "2022-02-12T13:06:58", "num_cars": 13, "speed": 69.36},
{"country": "US", "city": "San Carlos", "ip": "10.0.0.184", "port": "32148", "dbms_name": "test", "table_name": "video", "file": "test.video.1679112492.mp4", "start_ts": "2022-02-12T13:06:12", "end_ts": "2022-02-12T13:06:58", "num_cars": 13, "speed": 69.36},
{"country": "US", "city": "San Carlos", "ip": "10.0.0.184", "port": "32148", "dbms_name": "test", "table_name": "video", "file": "test.video.1679112492.mp4", "start_ts": "2022-02-12T13:06:12", "end_ts": "2022-02-12T13:06:58", "num_cars": 13, "speed": 69.36},
{"country": "US", "city": "San Carlos", "ip": "10.0.0.184", "port": "32148", "dbms_name": "test", "table_name": "video", "file": "test.video.1679112492.mp4", "start_ts": "2022-02-12T13:06:12", "end_ts": "2022-02-12T13:06:58", "num_cars": 13, "speed": 69.36},
{"country": "US", "city": "San Carlos", "ip": "10.0.0.184", "port": "32148", "dbms_name": "test", "table_name": "video", "file": "test.video.1679112492.mp4", "start_ts": "2022-02-12T13:06:12", "end_ts": "2022-02-12T13:06:58", "num_cars": 13, "speed": 69.36},
{"country": "US", "city": "San Carlos", "ip": "10.0.0.184", "port": "32148", "dbms_name": "test", "table_name": "video", "file": "test.video.1679112492.mp4", "start_ts": "2022-02-12T13:06:12", "end_ts": "2022-02-12T13:06:58", "num_cars": 13, "speed": 69.36},
{"country": "US", "city": "San Carlos", "ip": "10.0.0.184", "port": "32148", "dbms_name": "test", "table_name": "video", "file": "test.video.1679112492.mp4", "start_ts": "2022-02-12T13:06:12", "end_ts": "2022-02-12T13:06:58", "num_cars": 13, "speed": 69.36},
{"country": "US", "city": "San Carlos", "ip": "10.0.0.184", "port": "32148", "dbms_name": "test", "table_name": "video", "file": "test.video.1679112492.mp4", "start_ts": "2022-02-12T13:06:12", "end_ts": "2022-02-12T13:06:58", "num_cars": 13, "speed": 69.36},
{"country": "US", "city": "San Carlos", "ip": "10.0.0.184", "port": "32148", "dbms_name": "test", "table_name": "video", "file": "test.video.1679112492.mp4", "start_ts": "2022-02-12T13:06:12", "end_ts": "2022-02-12T13:06:58", "num_cars": 13, "speed": 69.36},
{"country": "US", "city": "San Carlos", "ip": "10.0.0.184", "port": "32148", "dbms_name": "test", "table_name": "video", "file": "test.video.1679112492.mp4", "start_ts": "2022-02-12T13:06:12", "end_ts": "2022-02-12T13:06:58", "num_cars": 13, "speed": 69.36}]}

==========================================================================
Rows:     40
Run Time: 00:00:00
==========================================================================
