==========================================================================
Title:      Video Query - Europe Timestamp
Date:       2023-03-19 23:31:24.437469
Command:    select file, start_ts::ljust(19), end_ts::ljust(19), num_cars, speed from video where timestamp >= '2022-04-17 02:26:40.879625' and timestamp <= '2022-04-17 18:34:56.647859' order by speed -- > selection(columns: ip using ip and port using port and dbms using dbms_name and table using table_name and file using file)
DBMS:       test
Extend:     (+country,+city,@ip,@port,@dbms_name,@table_name)
Format:     json
==========================================================================
{"Query": [{"country": "US", "city": "San Carlos", "ip": "10.0.0.184", "port": "32148", "dbms_name": "test", "table_name": "video", "file": "test.video.1679112904.mp4", "start_ts": "2022-04-17 08:53:04", "end_ts": "2022-04-17 08:53:50", "num_cars": 40, "speed": 44.16},
{"country": "US", "city": "San Carlos", "ip": "10.0.0.184", "port": "32148", "dbms_name": "test", "table_name": "video", "file": "test.video.1679112904.mp4", "start_ts": "2022-04-17 08:53:04", "end_ts": "2022-04-17 08:53:50", "num_cars": 40, "speed": 44.16},
{"country": "US", "city": "San Carlos", "ip": "10.0.0.184", "port": "32148", "dbms_name": "test", "table_name": "video", "file": "test.video.1679112904.mp4", "start_ts": "2022-04-17 08:53:04", "end_ts": "2022-04-17 08:53:50", "num_cars": 40, "speed": 44.16},
{"country": "US", "city": "San Carlos", "ip": "10.0.0.184", "port": "32148", "dbms_name": "test", "table_name": "video", "file": "test.video.1679112904.mp4", "start_ts": "2022-04-17 08:53:04", "end_ts": "2022-04-17 08:53:50", "num_cars": 40, "speed": 44.16},
{"country": "US", "city": "San Carlos", "ip": "10.0.0.184", "port": "32148", "dbms_name": "test", "table_name": "video", "file": "test.video.1679112904.mp4", "start_ts": "2022-04-17 08:53:04", "end_ts": "2022-04-17 08:53:50", "num_cars": 40, "speed": 44.16},
{"country": "US", "city": "San Carlos", "ip": "10.0.0.184", "port": "32148", "dbms_name": "test", "table_name": "video", "file": "test.video.1679112904.mp4", "start_ts": "2022-04-17 08:53:04", "end_ts": "2022-04-17 08:53:50", "num_cars": 40, "speed": 44.16},
{"country": "US", "city": "San Carlos", "ip": "10.0.0.184", "port": "32148", "dbms_name": "test", "table_name": "video", "file": "test.video.1679112904.mp4", "start_ts": "2022-04-17 08:53:04", "end_ts": "2022-04-17 08:53:50", "num_cars": 40, "speed": 44.16},
{"country": "US", "city": "San Carlos", "ip": "10.0.0.184", "port": "32148", "dbms_name": "test", "table_name": "video", "file": "test.video.1679112904.mp4", "start_ts": "2022-04-17 08:53:04", "end_ts": "2022-04-17 08:53:50", "num_cars": 40, "speed": 44.16},
{"country": "US", "city": "San Carlos", "ip": "10.0.0.184", "port": "32148", "dbms_name": "test", "table_name": "video", "file": "test.video.1679112904.mp4", "start_ts": "2022-04-17 08:53:04", "end_ts": "2022-04-17 08:53:50", "num_cars": 40, "speed": 44.16},
{"country": "US", "city": "San Carlos", "ip": "10.0.0.184", "port": "32148", "dbms_name": "test", "table_name": "video", "file": "test.video.1679112904.mp4", "start_ts": "2022-04-17 08:53:04", "end_ts": "2022-04-17 08:53:50", "num_cars": 40, "speed": 44.16},
{"country": "US", "city": "San Carlos", "ip": "10.0.0.184", "port": "32148", "dbms_name": "test", "table_name": "video", "file": "test.video.1679112904.mp4", "start_ts": "2022-04-17 08:53:04", "end_ts": "2022-04-17 08:53:50", "num_cars": 40, "speed": 44.16},
{"country": "US", "city": "San Carlos", "ip": "10.0.0.184", "port": "32148", "dbms_name": "test", "table_name": "video", "file": "test.video.1679112904.mp4", "start_ts": "2022-04-17 08:53:04", "end_ts": "2022-04-17 08:53:50", "num_cars": 40, "speed": 44.16},
{"country": "US", "city": "San Carlos", "ip": "10.0.0.184", "port": "32148", "dbms_name": "test", "table_name": "video", "file": "test.video.1679112904.mp4", "start_ts": "2022-04-17 08:53:04", "end_ts": "2022-04-17 08:53:50", "num_cars": 40, "speed": 44.16},
{"country": "US", "city": "San Carlos", "ip": "10.0.0.184", "port": "32148", "dbms_name": "test", "table_name": "video", "file": "test.video.1679112176.mp4", "start_ts": "2022-04-17 19:34:56", "end_ts": "2022-04-17 19:35:37", "num_cars": 55, "speed": 44.25},
{"country": "US", "city": "San Carlos", "ip": "10.0.0.184", "port": "32148", "dbms_name": "test", "table_name": "video", "file": "test.video.1679112176.mp4", "start_ts": "2022-04-17 19:34:56", "end_ts": "2022-04-17 19:35:37", "num_cars": 55, "speed": 44.25},
{"country": "US", "city": "San Carlos", "ip": "10.0.0.184", "port": "32148", "dbms_name": "test", "table_name": "video", "file": "test.video.1679112176.mp4", "start_ts": "2022-04-17 19:34:56", "end_ts": "2022-04-17 19:35:37", "num_cars": 55, "speed": 44.25},
{"country": "US", "city": "San Carlos", "ip": "10.0.0.184", "port": "32148", "dbms_name": "test", "table_name": "video", "file": "test.video.1679112176.mp4", "start_ts": "2022-04-17 19:34:56", "end_ts": "2022-04-17 19:35:37", "num_cars": 55, "speed": 44.25},
{"country": "US", "city": "San Carlos", "ip": "10.0.0.184", "port": "32148", "dbms_name": "test", "table_name": "video", "file": "test.video.1679112176.mp4", "start_ts": "2022-04-17 19:34:56", "end_ts": "2022-04-17 19:35:37", "num_cars": 55, "speed": 44.25},
{"country": "US", "city": "San Carlos", "ip": "10.0.0.184", "port": "32148", "dbms_name": "test", "table_name": "video", "file": "test.video.1679112176.mp4", "start_ts": "2022-04-17 19:34:56", "end_ts": "2022-04-17 19:35:37", "num_cars": 55, "speed": 44.25},
{"country": "US", "city": "San Carlos", "ip": "10.0.0.184", "port": "32148", "dbms_name": "test", "table_name": "video", "file": "test.video.1679112176.mp4", "start_ts": "2022-04-17 19:34:56", "end_ts": "2022-04-17 19:35:37", "num_cars": 55, "speed": 44.25},
{"country": "US", "city": "San Carlos", "ip": "10.0.0.184", "port": "32148", "dbms_name": "test", "table_name": "video", "file": "test.video.1679112176.mp4", "start_ts": "2022-04-17 19:34:56", "end_ts": "2022-04-17 19:35:37", "num_cars": 55, "speed": 44.25},
{"country": "US", "city": "San Carlos", "ip": "10.0.0.184", "port": "32148", "dbms_name": "test", "table_name": "video", "file": "test.video.1679112176.mp4", "start_ts": "2022-04-17 19:34:56", "end_ts": "2022-04-17 19:35:37", "num_cars": 55, "speed": 44.25},
{"country": "US", "city": "San Carlos", "ip": "10.0.0.184", "port": "32148", "dbms_name": "test", "table_name": "video", "file": "test.video.1679112176.mp4", "start_ts": "2022-04-17 19:34:56", "end_ts": "2022-04-17 19:35:37", "num_cars": 55, "speed": 44.25},
{"country": "US", "city": "San Carlos", "ip": "10.0.0.184", "port": "32148", "dbms_name": "test", "table_name": "video", "file": "test.video.1679112176.mp4", "start_ts": "2022-04-17 19:34:56", "end_ts": "2022-04-17 19:35:37", "num_cars": 55, "speed": 44.25},
{"country": "US", "city": "San Carlos", "ip": "10.0.0.184", "port": "32148", "dbms_name": "test", "table_name": "video", "file": "test.video.1679112176.mp4", "start_ts": "2022-04-17 19:34:56", "end_ts": "2022-04-17 19:35:37", "num_cars": 55, "speed": 44.25},
{"country": "US", "city": "San Carlos", "ip": "10.0.0.184", "port": "32148", "dbms_name": "test", "table_name": "video", "file": "test.video.1679112176.mp4", "start_ts": "2022-04-17 19:34:56", "end_ts": "2022-04-17 19:35:37", "num_cars": 55, "speed": 44.25},
{"country": "US", "city": "San Carlos", "ip": "10.0.0.184", "port": "32148", "dbms_name": "test", "table_name": "video", "file": "test.video.1679112176.mp4", "start_ts": "2022-04-17 19:34:56", "end_ts": "2022-04-17 19:35:37", "num_cars": 55, "speed": 44.25},
{"country": "US", "city": "San Carlos", "ip": "10.0.0.184", "port": "32148", "dbms_name": "test", "table_name": "video", "file": "test.video.1679112176.mp4", "start_ts": "2022-04-17 19:34:56", "end_ts": "2022-04-17 19:35:37", "num_cars": 55, "speed": 44.25},
{"country": "US", "city": "San Carlos", "ip": "10.0.0.184", "port": "32148", "dbms_name": "test", "table_name": "video", "file": "test.video.1679112176.mp4", "start_ts": "2022-04-17 19:34:56", "end_ts": "2022-04-17 19:35:37", "num_cars": 55, "speed": 44.25},
{"country": "US", "city": "San Carlos", "ip": "10.0.0.184", "port": "32148", "dbms_name": "test", "table_name": "video", "file": "test.video.1679112176.mp4", "start_ts": "2022-04-17 19:34:56", "end_ts": "2022-04-17 19:35:37", "num_cars": 55, "speed": 44.25},
{"country": "US", "city": "San Carlos", "ip": "10.0.0.184", "port": "32148", "dbms_name": "test", "table_name": "video", "file": "test.video.1679112176.mp4", "start_ts": "2022-04-17 19:34:56", "end_ts": "2022-04-17 19:35:37", "num_cars": 55, "speed": 44.25},
{"country": "US", "city": "San Carlos", "ip": "10.0.0.184", "port": "32148", "dbms_name": "test", "table_name": "video", "file": "test.video.1679112176.mp4", "start_ts": "2022-04-17 19:34:56", "end_ts": "2022-04-17 19:35:37", "num_cars": 55, "speed": 44.25},
{"country": "US", "city": "San Carlos", "ip": "10.0.0.184", "port": "32148", "dbms_name": "test", "table_name": "video", "file": "test.video.1679112176.mp4", "start_ts": "2022-04-17 19:34:56", "end_ts": "2022-04-17 19:35:37", "num_cars": 55, "speed": 44.25},
{"country": "US", "city": "San Carlos", "ip": "10.0.0.184", "port": "32148", "dbms_name": "test", "table_name": "video", "file": "test.video.1679112176.mp4", "start_ts": "2022-04-17 19:34:56", "end_ts": "2022-04-17 19:35:37", "num_cars": 55, "speed": 44.25},
{"country": "US", "city": "San Carlos", "ip": "10.0.0.184", "port": "32148", "dbms_name": "test", "table_name": "video", "file": "test.video.1679112176.mp4", "start_ts": "2022-04-17 19:34:56", "end_ts": "2022-04-17 19:35:37", "num_cars": 55, "speed": 44.25},
{"country": "US", "city": "San Carlos", "ip": "10.0.0.184", "port": "32148", "dbms_name": "test", "table_name": "video", "file": "test.video.1679112176.mp4", "start_ts": "2022-04-17 19:34:56", "end_ts": "2022-04-17 19:35:37", "num_cars": 55, "speed": 44.25},
{"country": "US", "city": "San Carlos", "ip": "10.0.0.184", "port": "32148", "dbms_name": "test", "table_name": "video", "file": "test.video.1679112176.mp4", "start_ts": "2022-04-17 19:34:56", "end_ts": "2022-04-17 19:35:37", "num_cars": 55, "speed": 44.25},
{"country": "US", "city": "San Carlos", "ip": "10.0.0.184", "port": "32148", "dbms_name": "test", "table_name": "video", "file": "test.video.1679112176.mp4", "start_ts": "2022-04-17 19:34:56", "end_ts": "2022-04-17 19:35:37", "num_cars": 55, "speed": 44.25},
{"country": "US", "city": "San Carlos", "ip": "10.0.0.184", "port": "32148", "dbms_name": "test", "table_name": "video", "file": "test.video.1679112176.mp4", "start_ts": "2022-04-17 19:34:56", "end_ts": "2022-04-17 19:35:37", "num_cars": 55, "speed": 44.25},
{"country": "US", "city": "San Carlos", "ip": "10.0.0.184", "port": "32148", "dbms_name": "test", "table_name": "video", "file": "test.video.1679112176.mp4", "start_ts": "2022-04-17 19:34:56", "end_ts": "2022-04-17 19:35:37", "num_cars": 55, "speed": 44.25},
{"country": "US", "city": "San Carlos", "ip": "10.0.0.184", "port": "32148", "dbms_name": "test", "table_name": "video", "file": "test.video.1679112176.mp4", "start_ts": "2022-04-17 19:34:56", "end_ts": "2022-04-17 19:35:37", "num_cars": 55, "speed": 44.25},
{"country": "US", "city": "San Carlos", "ip": "10.0.0.184", "port": "32148", "dbms_name": "test", "table_name": "video", "file": "test.video.1679112176.mp4", "start_ts": "2022-04-17 19:34:56", "end_ts": "2022-04-17 19:35:37", "num_cars": 55, "speed": 44.25},
{"country": "US", "city": "San Carlos", "ip": "10.0.0.184", "port": "32148", "dbms_name": "test", "table_name": "video", "file": "test.video.1679112176.mp4", "start_ts": "2022-04-17 19:34:56", "end_ts": "2022-04-17 19:35:37", "num_cars": 55, "speed": 44.25},
{"country": "US", "city": "San Carlos", "ip": "10.0.0.184", "port": "32148", "dbms_name": "test", "table_name": "video", "file": "test.video.1679111980.mp4", "start_ts": "2022-04-17 03:26:40", "end_ts": "2022-04-17 03:27:49", "num_cars": 6, "speed": 64.16},
{"country": "US", "city": "San Carlos", "ip": "10.0.0.184", "port": "32148", "dbms_name": "test", "table_name": "video", "file": "test.video.1679111980.mp4", "start_ts": "2022-04-17 03:26:40", "end_ts": "2022-04-17 03:27:49", "num_cars": 6, "speed": 64.16},
{"country": "US", "city": "San Carlos", "ip": "10.0.0.184", "port": "32148", "dbms_name": "test", "table_name": "video", "file": "test.video.1679111980.mp4", "start_ts": "2022-04-17 03:26:40", "end_ts": "2022-04-17 03:27:49", "num_cars": 6, "speed": 64.16},
{"country": "US", "city": "San Carlos", "ip": "10.0.0.184", "port": "32148", "dbms_name": "test", "table_name": "video", "file": "test.video.1679111980.mp4", "start_ts": "2022-04-17 03:26:40", "end_ts": "2022-04-17 03:27:49", "num_cars": 6, "speed": 64.16},
{"country": "US", "city": "San Carlos", "ip": "10.0.0.184", "port": "32148", "dbms_name": "test", "table_name": "video", "file": "test.video.1679111980.mp4", "start_ts": "2022-04-17 03:26:40", "end_ts": "2022-04-17 03:27:49", "num_cars": 6, "speed": 64.16},
{"country": "US", "city": "San Carlos", "ip": "10.0.0.184", "port": "32148", "dbms_name": "test", "table_name": "video", "file": "test.video.1679111980.mp4", "start_ts": "2022-04-17 03:26:40", "end_ts": "2022-04-17 03:27:49", "num_cars": 6, "speed": 64.16},
{"country": "US", "city": "San Carlos", "ip": "10.0.0.184", "port": "32148", "dbms_name": "test", "table_name": "video", "file": "test.video.1679111980.mp4", "start_ts": "2022-04-17 03:26:40", "end_ts": "2022-04-17 03:27:49", "num_cars": 6, "speed": 64.16},
{"country": "US", "city": "San Carlos", "ip": "10.0.0.184", "port": "32148", "dbms_name": "test", "table_name": "video", "file": "test.video.1679111980.mp4", "start_ts": "2022-04-17 03:26:40", "end_ts": "2022-04-17 03:27:49", "num_cars": 6, "speed": 64.16},
{"country": "US", "city": "San Carlos", "ip": "10.0.0.184", "port": "32148", "dbms_name": "test", "table_name": "video", "file": "test.video.1679111980.mp4", "start_ts": "2022-04-17 03:26:40", "end_ts": "2022-04-17 03:27:49", "num_cars": 6, "speed": 64.16},
{"country": "US", "city": "San Carlos", "ip": "10.0.0.184", "port": "32148", "dbms_name": "test", "table_name": "video", "file": "test.video.1679111980.mp4", "start_ts": "2022-04-17 03:26:40", "end_ts": "2022-04-17 03:27:49", "num_cars": 6, "speed": 64.16},
{"country": "US", "city": "San Carlos", "ip": "10.0.0.184", "port": "32148", "dbms_name": "test", "table_name": "video", "file": "test.video.1679111980.mp4", "start_ts": "2022-04-17 03:26:40", "end_ts": "2022-04-17 03:27:49", "num_cars": 6, "speed": 64.16},
{"country": "US", "city": "San Carlos", "ip": "10.0.0.184", "port": "32148", "dbms_name": "test", "table_name": "video", "file": "test.video.1679111980.mp4", "start_ts": "2022-04-17 03:26:40", "end_ts": "2022-04-17 03:27:49", "num_cars": 6, "speed": 64.16},
{"country": "US", "city": "San Carlos", "ip": "10.0.0.184", "port": "32148", "dbms_name": "test", "table_name": "video", "file": "test.video.1679111980.mp4", "start_ts": "2022-04-17 03:26:40", "end_ts": "2022-04-17 03:27:49", "num_cars": 6, "speed": 64.16},
{"country": "US", "city": "San Carlos", "ip": "10.0.0.184", "port": "32148", "dbms_name": "test", "table_name": "video", "file": "test.video.1679111980.mp4", "start_ts": "2022-04-17 03:26:40", "end_ts": "2022-04-17 03:27:49", "num_cars": 6, "speed": 64.16},
{"country": "US", "city": "San Carlos", "ip": "10.0.0.184", "port": "32148", "dbms_name": "test", "table_name": "video", "file": "test.video.1679111980.mp4", "start_ts": "2022-04-17 03:26:40", "end_ts": "2022-04-17 03:27:49", "num_cars": 6, "speed": 64.16},
{"country": "US", "city": "San Carlos", "ip": "10.0.0.184", "port": "32148", "dbms_name": "test", "table_name": "video", "file": "test.video.1679111980.mp4", "start_ts": "2022-04-17 03:26:40", "end_ts": "2022-04-17 03:27:49", "num_cars": 6, "speed": 64.16},
{"country": "US", "city": "San Carlos", "ip": "10.0.0.184", "port": "32148", "dbms_name": "test", "table_name": "video", "file": "test.video.1679111980.mp4", "start_ts": "2022-04-17 03:26:40", "end_ts": "2022-04-17 03:27:49", "num_cars": 6, "speed": 64.16},
{"country": "US", "city": "San Carlos", "ip": "10.0.0.184", "port": "32148", "dbms_name": "test", "table_name": "video", "file": "test.video.1679111980.mp4", "start_ts": "2022-04-17 03:26:40", "end_ts": "2022-04-17 03:27:49", "num_cars": 6, "speed": 64.16},
{"country": "US", "city": "San Carlos", "ip": "10.0.0.184", "port": "32148", "dbms_name": "test", "table_name": "video", "file": "test.video.1679111980.mp4", "start_ts": "2022-04-17 03:26:40", "end_ts": "2022-04-17 03:27:49", "num_cars": 6, "speed": 64.16},
{"country": "US", "city": "San Carlos", "ip": "10.0.0.184", "port": "32148", "dbms_name": "test", "table_name": "video", "file": "test.video.1679111980.mp4", "start_ts": "2022-04-17 03:26:40", "end_ts": "2022-04-17 03:27:49", "num_cars": 6, "speed": 64.16},
{"country": "US", "city": "San Carlos", "ip": "10.0.0.184", "port": "32148", "dbms_name": "test", "table_name": "video", "file": "test.video.1679111980.mp4", "start_ts": "2022-04-17 03:26:40", "end_ts": "2022-04-17 03:27:49", "num_cars": 6, "speed": 64.16},
{"country": "US", "city": "San Carlos", "ip": "10.0.0.184", "port": "32148", "dbms_name": "test", "table_name": "video", "file": "test.video.1679111980.mp4", "start_ts": "2022-04-17 03:26:40", "end_ts": "2022-04-17 03:27:49", "num_cars": 6, "speed": 64.16},
{"country": "US", "city": "San Carlos", "ip": "10.0.0.184", "port": "32148", "dbms_name": "test", "table_name": "video", "file": "test.video.1679111980.mp4", "start_ts": "2022-04-17 03:26:40", "end_ts": "2022-04-17 03:27:49", "num_cars": 6, "speed": 64.16},
{"country": "US", "city": "San Carlos", "ip": "10.0.0.184", "port": "32148", "dbms_name": "test", "table_name": "video", "file": "test.video.1679111980.mp4", "start_ts": "2022-04-17 03:26:40", "end_ts": "2022-04-17 03:27:49", "num_cars": 6, "speed": 64.16},
{"country": "US", "city": "San Carlos", "ip": "10.0.0.184", "port": "32148", "dbms_name": "test", "table_name": "video", "file": "test.video.1679111980.mp4", "start_ts": "2022-04-17 03:26:40", "end_ts": "2022-04-17 03:27:49", "num_cars": 6, "speed": 64.16},
{"country": "US", "city": "San Carlos", "ip": "10.0.0.184", "port": "32148", "dbms_name": "test", "table_name": "video", "file": "test.video.1679111980.mp4", "start_ts": "2022-04-17 03:26:40", "end_ts": "2022-04-17 03:27:49", "num_cars": 6, "speed": 64.16},
{"country": "US", "city": "San Carlos", "ip": "10.0.0.184", "port": "32148", "dbms_name": "test", "table_name": "video", "file": "test.video.1679111980.mp4", "start_ts": "2022-04-17 03:26:40", "end_ts": "2022-04-17 03:27:49", "num_cars": 6, "speed": 64.16},
{"country": "US", "city": "San Carlos", "ip": "10.0.0.184", "port": "32148", "dbms_name": "test", "table_name": "video", "file": "test.video.1679111980.mp4", "start_ts": "2022-04-17 03:26:40", "end_ts": "2022-04-17 03:27:49", "num_cars": 6, "speed": 64.16},
{"country": "US", "city": "San Carlos", "ip": "10.0.0.184", "port": "32148", "dbms_name": "test", "table_name": "video", "file": "test.video.1679111980.mp4", "start_ts": "2022-04-17 03:26:40", "end_ts": "2022-04-17 03:27:49", "num_cars": 6, "speed": 64.16},
{"country": "US", "city": "San Carlos", "ip": "10.0.0.184", "port": "32148", "dbms_name": "test", "table_name": "video", "file": "test.video.1679111980.mp4", "start_ts": "2022-04-17 03:26:40", "end_ts": "2022-04-17 03:27:49", "num_cars": 6, "speed": 64.16},
{"country": "US", "city": "San Carlos", "ip": "10.0.0.184", "port": "32148", "dbms_name": "test", "table_name": "video", "file": "test.video.1679112748.mp4", "start_ts": "2022-04-17 04:13:28", "end_ts": "2022-04-17 04:13:42", "num_cars": 9, "speed": 66.01},
{"country": "US", "city": "San Carlos", "ip": "10.0.0.184", "port": "32148", "dbms_name": "test", "table_name": "video", "file": "test.video.1679112748.mp4", "start_ts": "2022-04-17 04:13:28", "end_ts": "2022-04-17 04:13:42", "num_cars": 9, "speed": 66.01},
{"country": "US", "city": "San Carlos", "ip": "10.0.0.184", "port": "32148", "dbms_name": "test", "table_name": "video", "file": "test.video.1679112748.mp4", "start_ts": "2022-04-17 04:13:28", "end_ts": "2022-04-17 04:13:42", "num_cars": 9, "speed": 66.01},
{"country": "US", "city": "San Carlos", "ip": "10.0.0.184", "port": "32148", "dbms_name": "test", "table_name": "video", "file": "test.video.1679112748.mp4", "start_ts": "2022-04-17 04:13:28", "end_ts": "2022-04-17 04:13:42", "num_cars": 9, "speed": 66.01},
{"country": "US", "city": "San Carlos", "ip": "10.0.0.184", "port": "32148", "dbms_name": "test", "table_name": "video", "file": "test.video.1679112748.mp4", "start_ts": "2022-04-17 04:13:28", "end_ts": "2022-04-17 04:13:42", "num_cars": 9, "speed": 66.01},
{"country": "US", "city": "San Carlos", "ip": "10.0.0.184", "port": "32148", "dbms_name": "test", "table_name": "video", "file": "test.video.1679112748.mp4", "start_ts": "2022-04-17 04:13:28", "end_ts": "2022-04-17 04:13:42", "num_cars": 9, "speed": 66.01},
{"country": "US", "city": "San Carlos", "ip": "10.0.0.184", "port": "32148", "dbms_name": "test", "table_name": "video", "file": "test.video.1679112748.mp4", "start_ts": "2022-04-17 04:13:28", "end_ts": "2022-04-17 04:13:42", "num_cars": 9, "speed": 66.01},
{"country": "US", "city": "San Carlos", "ip": "10.0.0.184", "port": "32148", "dbms_name": "test", "table_name": "video", "file": "test.video.1679112748.mp4", "start_ts": "2022-04-17 04:13:28", "end_ts": "2022-04-17 04:13:42", "num_cars": 9, "speed": 66.01},
{"country": "US", "city": "San Carlos", "ip": "10.0.0.184", "port": "32148", "dbms_name": "test", "table_name": "video", "file": "test.video.1679112748.mp4", "start_ts": "2022-04-17 04:13:28", "end_ts": "2022-04-17 04:13:42", "num_cars": 9, "speed": 66.01},
{"country": "US", "city": "San Carlos", "ip": "10.0.0.184", "port": "32148", "dbms_name": "test", "table_name": "video", "file": "test.video.1679112784.mp4", "start_ts": "2022-04-17 13:16:04", "end_ts": "2022-04-17 13:17:18", "num_cars": 12, "speed": 71.53},
{"country": "US", "city": "San Carlos", "ip": "10.0.0.184", "port": "32148", "dbms_name": "test", "table_name": "video", "file": "test.video.1679112784.mp4", "start_ts": "2022-04-17 13:16:04", "end_ts": "2022-04-17 13:17:18", "num_cars": 12, "speed": 71.53},
{"country": "US", "city": "San Carlos", "ip": "10.0.0.184", "port": "32148", "dbms_name": "test", "table_name": "video", "file": "test.video.1679112784.mp4", "start_ts": "2022-04-17 13:16:04", "end_ts": "2022-04-17 13:17:18", "num_cars": 12, "speed": 71.53},
{"country": "US", "city": "San Carlos", "ip": "10.0.0.184", "port": "32148", "dbms_name": "test", "table_name": "video", "file": "test.video.1679112784.mp4", "start_ts": "2022-04-17 13:16:04", "end_ts": "2022-04-17 13:17:18", "num_cars": 12, "speed": 71.53},
{"country": "US", "city": "San Carlos", "ip": "10.0.0.184", "port": "32148", "dbms_name": "test", "table_name": "video", "file": "test.video.1679112784.mp4", "start_ts": "2022-04-17 13:16:04", "end_ts": "2022-04-17 13:17:18", "num_cars": 12, "speed": 71.53},
{"country": "US", "city": "San Carlos", "ip": "10.0.0.184", "port": "32148", "dbms_name": "test", "table_name": "video", "file": "test.video.1679112784.mp4", "start_ts": "2022-04-17 13:16:04", "end_ts": "2022-04-17 13:17:18", "num_cars": 12, "speed": 71.53},
{"country": "US", "city": "San Carlos", "ip": "10.0.0.184", "port": "32148", "dbms_name": "test", "table_name": "video", "file": "test.video.1679112784.mp4", "start_ts": "2022-04-17 13:16:04", "end_ts": "2022-04-17 13:17:18", "num_cars": 12, "speed": 71.53},
{"country": "US", "city": "San Carlos", "ip": "10.0.0.184", "port": "32148", "dbms_name": "test", "table_name": "video", "file": "test.video.1679112784.mp4", "start_ts": "2022-04-17 13:16:04", "end_ts": "2022-04-17 13:17:18", "num_cars": 12, "speed": 71.53},
{"country": "US", "city": "San Carlos", "ip": "10.0.0.184", "port": "32148", "dbms_name": "test", "table_name": "video", "file": "test.video.1679112784.mp4", "start_ts": "2022-04-17 13:16:04", "end_ts": "2022-04-17 13:17:18", "num_cars": 12, "speed": 71.53},
{"country": "US", "city": "San Carlos", "ip": "10.0.0.184", "port": "32148", "dbms_name": "test", "table_name": "video", "file": "test.video.1679112784.mp4", "start_ts": "2022-04-17 13:16:04", "end_ts": "2022-04-17 13:17:18", "num_cars": 12, "speed": 71.53},
{"country": "US", "city": "San Carlos", "ip": "10.0.0.184", "port": "32148", "dbms_name": "test", "table_name": "video", "file": "test.video.1679111965.mp4", "start_ts": "2022-04-17 07:01:25", "end_ts": "2022-04-17 07:01:41", "num_cars": 12, "speed": 75.95},
{"country": "US", "city": "San Carlos", "ip": "10.0.0.184", "port": "32148", "dbms_name": "test", "table_name": "video", "file": "test.video.1679111965.mp4", "start_ts": "2022-04-17 07:01:25", "end_ts": "2022-04-17 07:01:41", "num_cars": 12, "speed": 75.95},
{"country": "US", "city": "San Carlos", "ip": "10.0.0.184", "port": "32148", "dbms_name": "test", "table_name": "video", "file": "test.video.1679111965.mp4", "start_ts": "2022-04-17 07:01:25", "end_ts": "2022-04-17 07:01:41", "num_cars": 12, "speed": 75.95},
{"country": "US", "city": "San Carlos", "ip": "10.0.0.184", "port": "32148", "dbms_name": "test", "table_name": "video", "file": "test.video.1679112809.mp4", "start_ts": "2022-04-17 11:58:29", "end_ts": "2022-04-17 11:58:37", "num_cars": 14, "speed": 77.11},
{"country": "US", "city": "San Carlos", "ip": "10.0.0.184", "port": "32148", "dbms_name": "test", "table_name": "video", "file": "test.video.1679112809.mp4", "start_ts": "2022-04-17 11:58:29", "end_ts": "2022-04-17 11:58:37", "num_cars": 14, "speed": 77.11},
{"country": "US", "city": "San Carlos", "ip": "10.0.0.184", "port": "32148", "dbms_name": "test", "table_name": "video", "file": "test.video.1679112809.mp4", "start_ts": "2022-04-17 11:58:29", "end_ts": "2022-04-17 11:58:37", "num_cars": 14, "speed": 77.11},
{"country": "US", "city": "San Carlos", "ip": "10.0.0.184", "port": "32148", "dbms_name": "test", "table_name": "video", "file": "test.video.1679112809.mp4", "start_ts": "2022-04-17 11:58:29", "end_ts": "2022-04-17 11:58:37", "num_cars": 14, "speed": 77.11}]}

==========================================================================
Rows:     99
Run Time: 00:00:00
==========================================================================
