==========================================================================
Title:      Image Query - Europe Timestamp
Date:       2023-03-19 23:31:24.350393
Command:    select timestamp, file, class, bbox, score, status from image where timestamp >= '2022-02-17 06:03:29.798488' and timestamp <= '2022-02-17 06:57:30.949399' order by timestamp desc -- > selection(columns: ip using ip and port using port and dbms using dbms_name and table using table_name and file using file) -- > description(columns: bbox as shape.rect and score)
DBMS:       test
Extend:     (+country,+city,@ip,@port,@dbms_name,@table_name)
Format:     json
==========================================================================
{"Query": [{"country": "US", "city": "San Carlos", "ip": "10.0.0.184", "port": "32148", "dbms_name": "test", "table_name": "image", "timestamp": "2022-02-17 06:57:30.949399", "file": "test.image.20200306202549604.jpeg", "class": "", "bbox": "", "score": -1.0, "status": "ok"},
{"country": "US", "city": "San Carlos", "ip": "10.0.0.184", "port": "32148", "dbms_name": "test", "table_name": "image", "timestamp": "2022-02-17 06:56:29.927913", "file": "test.image.20200306202547119.jpeg", "class": "", "bbox": "", "score": -1.0, "status": "ok"},
{"country": "US", "city": "San Carlos", "ip": "10.0.0.184", "port": "32148", "dbms_name": "test", "table_name": "image", "timestamp": "2022-02-17 06:56:29.927913", "file": "test.image.20200306202547119.jpeg", "class": "", "bbox": "", "score": -1.0, "status": "ok"},
{"country": "US", "city": "San Carlos", "ip": "10.0.0.184", "port": "32148", "dbms_name": "test", "table_name": "image", "timestamp": "2022-02-17 06:50:29.783643", "file": "test.image.20200306202538150.jpeg", "class": "kizu", "bbox": "[675, 358, 689, 379]", "score": 0.66439, "status": "ok"},
{"country": "US", "city": "San Carlos", "ip": "10.0.0.184", "port": "32148", "dbms_name": "test", "table_name": "image", "timestamp": "2022-02-17 06:50:29.783643", "file": "test.image.20200306202538150.jpeg", "class": "kizu", "bbox": "[675, 358, 689, 379]", "score": 0.66439, "status": "ok"},
{"country": "US", "city": "San Carlos", "ip": "10.0.0.184", "port": "32148", "dbms_name": "test", "table_name": "image", "timestamp": "2022-02-17 06:31:29.818944", "file": "test.image.20200306202539142.jpeg", "class": "", "bbox": "", "score": -1.0, "status": "ok"},
{"country": "US", "city": "San Carlos", "ip": "10.0.0.184", "port": "32148", "dbms_name": "test", "table_name": "image", "timestamp": "2022-02-17 06:30:29.861450", "file": "test.image.20200306202545740.jpeg", "class": "", "bbox": "", "score": -1.0, "status": "ok"},
{"country": "US", "city": "San Carlos", "ip": "10.0.0.184", "port": "32148", "dbms_name": "test", "table_name": "image", "timestamp": "2022-02-17 06:25:29.883275", "file": "test.image.20200306202543730.jpeg", "class": "", "bbox": "", "score": -1.0, "status": "ok"},
{"country": "US", "city": "San Carlos", "ip": "10.0.0.184", "port": "32148", "dbms_name": "test", "table_name": "image", "timestamp": "2022-02-17 06:14:30.732946", "file": "test.image.20200306202550118.jpeg", "class": "", "bbox": "", "score": -1.0, "status": "ok"},
{"country": "US", "city": "San Carlos", "ip": "10.0.0.184", "port": "32148", "dbms_name": "test", "table_name": "image", "timestamp": "2022-02-17 06:14:30.732946", "file": "test.image.20200306202550118.jpeg", "class": "", "bbox": "", "score": -1.0, "status": "ok"},
{"country": "US", "city": "San Carlos", "ip": "10.0.0.184", "port": "32148", "dbms_name": "test", "table_name": "image", "timestamp": "2022-02-17 06:07:29.785831", "file": "test.image.20200306202536595.jpeg", "class": "", "bbox": "", "score": -1.0, "status": "ok"},
{"country": "US", "city": "San Carlos", "ip": "10.0.0.184", "port": "32148", "dbms_name": "test", "table_name": "image", "timestamp": "2022-02-17 06:03:29.798488", "file": "test.image.20200306202547620.jpeg", "class": "", "bbox": "", "score": -1.0, "status": "ok"},
{"country": "US", "city": "San Carlos", "ip": "10.0.0.184", "port": "32148", "dbms_name": "test", "table_name": "image", "timestamp": "2022-02-17 06:03:29.798488", "file": "test.image.20200306202547620.jpeg", "class": "", "bbox": "", "score": -1.0, "status": "ok"}]}

==========================================================================
Rows:     13
Run Time: 00:00:00
==========================================================================
