==========================================================================
Title:      15 day increments
Date:       2023-04-06 16:32:03.280619
Command:    select increments(day, 15, timestamp), min(timestamp) as min_ts, max(timestamp) as max_ts, min(value) as min_val, max(value) as max_val, avg(value)::float(6) as avg_value, sum(value)::float(6) as sum_val, count(*) as row_count from ping_sensor where timestamp >= '2022-02-01 00:00:00' and timestamp < '2022-03-01 00:00:00'
DBMS:       test
Include:    (percentagecpu_sensor)
Format:     table
==========================================================================
min_ts                     max_ts                     min_val max_val avg_value sum_val   row_count 
-------------------------- -------------------------- ------- ------- --------- --------- --------- 
2022-02-13 21:20:51.999012 2022-02-14 23:55:51.296406     0.5   99.55 33.638333   5247.58       156 
2022-02-15 00:01:46.048094 2022-02-28 23:43:46.851381     0.0   99.94 33.316267 131299.41      3941 
