==========================================================================
Title:      1 hour increments
Date:       2023-04-06 16:32:02.364421
Command:    select increments(hour, 1, timestamp), parentelement, min(timestamp) as min_ts, max(timestamp) as max_ts, min(value) as min_val, max(value) as max_val, avg(value)::float(6) as avg_value, sum(value)::float(6) as sum_val, count(*) as row_count from ping_sensor where timestamp >= '2022-02-15 19:00:00' and timestamp <= '2022-02-15 20:00:00' group by parentelement
DBMS:       test
Include:    (percentagecpu_sensor)
Format:     table
==========================================================================
parentelement                        min_ts                     max_ts                     min_val max_val avg_value sum_val row_count 
------------------------------------ -------------------------- -------------------------- ------- ------- --------- ------- --------- 
1ab3b14e-93b1-11e9-b465-d4856454f4ba 2022-02-15 19:26:47.242941 2022-02-15 19:59:47.537468    4.26   68.33    19.706   98.53         5 
62e71893-92e0-11e9-b465-d4856454f4ba 2022-02-15 19:18:52.723688 2022-02-15 19:30:47.217171     3.5   47.38     25.44   50.88         2 
68ae8bef-92e1-11e9-b465-d4856454f4ba 2022-02-15 19:25:46.424230 2022-02-15 19:33:52.375153   28.32   77.54     52.93  105.86         2 
d515dccb-58be-11ea-b46d-d4856454f4ba 2022-02-15 19:20:46.747508 2022-02-15 19:51:46.743786   36.81   39.28    38.045   76.09         2 
f0bd0832-a81e-11ea-b46d-d4856454f4ba 2022-02-15 19:04:46.391523 2022-02-15 19:59:47.554615   15.16   30.21     22.14   66.42         3 
