==========================================================================
Title:      12 hour increments
Date:       2023-04-06 16:32:02.638307
Command:    select increments(hour, 12, timestamp), min(timestamp) as min_ts, max(timestamp) as max_ts, min(value) as min_val, max(value) as max_val, avg(value)::float(6) as avg_value, sum(value)::float(6) as sum_val, count(*) as row_count from ping_sensor where timestamp >= '2022-02-15 00:00:00' and timestamp <= '2022-02-20 00:00:00'
DBMS:       test
Include:    (percentagecpu_sensor)
Format:     table
==========================================================================
min_ts                     max_ts                     min_val max_val avg_value sum_val row_count 
-------------------------- -------------------------- ------- ------- --------- ------- --------- 
2022-02-15 00:01:46.048094 2022-02-15 11:58:52.710952    0.08   98.06  33.25551 4888.56       147 
2022-02-15 12:12:46.746584 2022-02-15 23:57:47.524155     0.1   99.32 33.192847 4779.77       144 
2022-02-16 00:00:47.245747 2022-02-16 11:52:51.268172    0.04   95.55 29.926241 3980.19       133 
2022-02-16 12:09:46.847479 2022-02-16 23:50:46.814411    0.13   98.58 33.576835 4667.18       139 
2022-02-17 00:09:52.733823 2022-02-17 11:53:46.401478    0.02   97.67 31.556748 3881.48       123 
2022-02-17 12:00:46.846545 2022-02-17 23:58:52.409214    0.11   99.72 31.029542 4747.52       153 
2022-02-18 00:12:51.587003 2022-02-18 11:54:47.512872    0.17   98.57 31.004803 3937.61       127 
2022-02-18 12:06:46.402085 2022-02-18 23:48:52.376862    0.54   97.52 29.761181 3779.67       127 
2022-02-19 00:07:52.717122 2022-02-19 11:56:51.277732    0.02   97.11 33.382374 4640.15       139 
2022-02-19 12:06:51.584119 2022-02-19 23:53:51.257564     0.0   99.46 30.020365 4112.79       137 
