==========================================================================
Title:      PercentageCPU Sensor - Summary WHERE timestamp / string GROUP UUID
Date:       2023-03-19 23:27:54.081600
Command:    select parentelement, min(timestamp) as min_ts, max(timestamp) as max_ts, min(value) as min_value, max(value) as max_value, avg(value) as avg_value, count(*) as row_count from percentagecpu_sensor where timestamp >= '2022-03-01 00:00:00.000000' and timestamp < '2022-03-02 00:00:00.000000' and device_name = 'GOOGLE_PING' group by parentelement order by min_ts desc
DBMS:       test
Format:     table
==========================================================================
parentelement                        min_ts                      max_ts                      min_value max_value avg_value          row_count 
------------------------------------ --------------------------- --------------------------- --------- --------- ------------------ --------- 
f0bd0832-a81e-11ea-b46d-d4856454f4ba 2022-03-01T00:03:52.726544Z 2022-03-01T23:06:51.985400Z      1.12     99.27 52.125454545454545        33 
