==========================================================================
Title:      PercentageCPU Sensor - Summary WHERE timestamp / UUID
Date:       2023-03-19 23:27:54.075673
Command:    select min(timestamp) as min_ts, max(timestamp) as max_ts, min(value) as min_value, max(value) as max_value, avg(value) as avg_value, count(*) as row_count from percentagecpu_sensor where timestamp >= '2022-03-01 00:00:00.000000' and timestamp < '2022-03-02 00:00:00.000000' and parentelement = '62e71893-92e0-11e9-b465-d4856454f4ba' order by max_ts asc
DBMS:       test
Format:     table
==========================================================================
min_ts                      max_ts                      min_value max_value avg_value         row_count 
--------------------------- --------------------------- --------- --------- ----------------- --------- 
2022-03-01T00:35:51.289448Z 2022-03-01T23:01:51.612320Z      3.28     99.46 60.02206896551724        29 
