==========================================================================
Title:      PercentageCPU Sensor - Summary WHERE timestamp
Date:       2023-03-19 23:27:54.055699
Command:    select min(timestamp) as min_ts, max(timestamp) as max_ts, min(value) as min_value, max(value) as max_value, avg(value) as avg_value, count(*) as row_count from percentagecpu_sensor where timestamp >= '2022-03-01 00:00:00.000000' and timestamp < '2022-03-02 00:00:00.000000' order by min_ts asc
DBMS:       test
Format:     table
==========================================================================
min_ts                      max_ts                      min_value max_value avg_value         row_count 
--------------------------- --------------------------- --------- --------- ----------------- --------- 
2022-03-01T00:03:52.726544Z 2022-03-01T23:59:52.410693Z      0.71     99.46 51.29069444444443       144 
