==========================================================================
Title:      Ping Sensor - Summary WHERE timestamp / string
Date:       2023-03-19 23:27:40.142868
Command:    select min(timestamp) as min_ts, max(timestamp) as max_ts, min(value) as min_value, max(value) as max_value, avg(value) as avg_value, count(*) as row_count from ping_sensor where timestamp >= '2022-03-01 00:00:00.000000' and timestamp < '2022-03-02 00:00:00.000000' and device_name = 'GOOGLE_PING' order by min_ts desc
DBMS:       test
Format:     table
==========================================================================
min_ts                      max_ts                      min_value max_value avg_value         row_count 
--------------------------- --------------------------- --------- --------- ----------------- --------- 
2022-03-01T00:02:46.063795Z 2022-03-01T23:33:46.745230Z      3.52     36.36 20.29029411764705        34 
