==========================================================================
Title:      Ping Sensor - Summary WHERE string
Date:       2023-03-19 23:27:40.143807
Command:    select min(value) as min_value, max(value) as max_value, avg(value) as avg_value, count(*) as row_count from ping_sensor where device_name = 'GOOGLE_PING'
DBMS:       test
Format:     table
==========================================================================
min_value max_value avg_value          row_count 
--------- --------- ------------------ --------- 
     2.01     36.99 19.511102680829545      1977 
