==========================================================================
Title:      Aggregate Summary WHERE timestamp AND GROUP string
Date:       2023-04-05 22:14:01.524901
Command:    select device_name, min(timestamp) as min_ts, max(timestamp) as max_ts, min(value) as min_val, max(value) as max_val, avg(value)::float(6) as avg_value, sum(value)::float(6) as sum_val, count(*) as row_count from ping_sensor where timestamp >= '2022-01-01 00:00:00' and timestamp <= '2022-12-31 23:59:59.999999' group by device_name
DBMS:       test
Format:     table
==========================================================================
device_name     min_ts                     max_ts                     min_val max_val avg_value sum_val  row_count 
--------------- -------------------------- -------------------------- ------- ------- --------- -------- --------- 
ADVA FSP3000R7  2022-02-13 21:21:47.231712 2022-04-16 18:52:46.397543     0.0     4.0  1.973462  3386.46      1716 
Catalyst 3500XL 2022-02-13 21:58:46.378304 2022-04-16 19:11:46.820956    0.03   48.96 24.313754 40676.91      1673 
GOOGLE_PING     2022-02-13 22:09:46.053613 2022-04-16 16:24:47.211497    2.01   36.99 19.453418 31981.42      1644 
Ubiquiti OLT    2022-02-13 21:21:46.746294 2022-04-16 20:33:46.370019    0.05    49.0 24.941606 41777.19      1675 
VM Lit SL NMS   2022-02-14 00:05:46.394511 2022-04-16 14:14:46.733533     0.0    11.0  5.496604   9063.9      1649 
