==========================================================================
Title:      Aggregate Summary WHERE timestamp AND GROUP UUID
Date:       2023-04-05 22:14:05.445948
Command:    select parentelement, min(timestamp) as min_ts, max(timestamp) as max_ts, min(value) as min_val, max(value) as max_val, avg(value)::float(6) as avg_value, sum(value)::float(6) as sum_val, count(*) as row_count from ping_sensor where timestamp >= '2022-01-01 00:00:00' and timestamp <= '2022-12-31 23:59:59.999999' group by parentelement
DBMS:       test
Include:    (percentagecpu_sensor)
Extend:     (@table_name as table)
Format:     table
==========================================================================
table                parentelement                        min_ts                     max_ts                     min_val max_val avg_value sum_val  row_count 
-------------------- ------------------------------------ -------------------------- -------------------------- ------- ------- --------- -------- --------- 
percentagecpu_sensor 1ab3b14e-93b1-11e9-b465-d4856454f4ba 2022-02-13 22:06:52.719775 2022-04-16 16:12:52.398129     0.1   99.96 49.906404 87436.02      1752 
percentagecpu_sensor 62e71893-92e0-11e9-b465-d4856454f4ba 2022-02-13 21:20:51.999012 2022-04-16 19:49:52.012942     0.0   99.99 50.426177 84413.42      1674 
percentagecpu_sensor 68ae8bef-92e1-11e9-b465-d4856454f4ba 2022-02-13 22:44:52.736692 2022-04-16 20:09:52.725939     0.0   99.94  50.54543 83955.96      1661 
percentagecpu_sensor d515dccb-58be-11ea-b46d-d4856454f4ba 2022-02-13 23:27:51.609050 2022-04-16 19:17:51.985845    0.07    99.9  50.01416 87274.71      1745 
percentagecpu_sensor f0bd0832-a81e-11ea-b46d-d4856454f4ba 2022-02-13 22:35:51.256481 2022-04-16 19:35:51.596377    0.02   99.94 51.000549 89199.96      1749 
ping_sensor          1ab3b14e-93b1-11e9-b465-d4856454f4ba 2022-02-14 00:05:46.394511 2022-04-16 14:14:46.733533     0.0    11.0  5.496604   9063.9      1649 
ping_sensor          62e71893-92e0-11e9-b465-d4856454f4ba 2022-02-13 21:21:47.231712 2022-04-16 18:52:46.397543     0.0     4.0  1.973462  3386.46      1716 
ping_sensor          68ae8bef-92e1-11e9-b465-d4856454f4ba 2022-02-13 21:58:46.378304 2022-04-16 19:11:46.820956    0.03   48.96 24.313754 40676.91      1673 
ping_sensor          d515dccb-58be-11ea-b46d-d4856454f4ba 2022-02-13 21:21:46.746294 2022-04-16 20:33:46.370019    0.05    49.0 24.941606 41777.19      1675 
ping_sensor          f0bd0832-a81e-11ea-b46d-d4856454f4ba 2022-02-13 22:09:46.053613 2022-04-16 16:24:47.211497    2.01   36.99 19.453418 31981.42      1644 
