
PercentageCPU Sensor - Month Increment test = true
min_ts                      max_ts                      min_value avg_value          max_value row_count 
--------------------------- --------------------------- --------- ------------------ --------- --------- 
2022-02-13T21:20:51.999012Z 2022-02-28T23:31:51.286046Z       0.0  50.05211860353901     99.94      2091 
2022-03-01T00:03:52.726544Z 2022-03-29T23:47:52.738979Z       0.1  50.59488557213938     99.94      4020 
2022-03-30T00:00:51.300215Z 2022-03-31T23:59:52.738132Z      0.29  51.41144981412637      99.5       269 
2022-04-01T00:06:51.275824Z 2022-04-16T20:09:52.725939Z       0.0 50.159004997728324     99.99      2201 
