
PercentageCPU Sensor - Hour Increment GROUP UUID test = true
parentelement                        min_ts                      max_ts                      min_value avg_value          max_value row_count 
------------------------------------ --------------------------- --------------------------- --------- ------------------ --------- --------- 
1ab3b14e-93b1-11e9-b465-d4856454f4ba 2022-03-18T00:47:52.375684Z 2022-03-18T00:47:52.375684Z     44.95              44.95     44.95         1 
68ae8bef-92e1-11e9-b465-d4856454f4ba 2022-03-18T00:28:52.370819Z 2022-03-18T00:38:51.279782Z     49.22  68.72999999999999     88.24         2 
f0bd0832-a81e-11ea-b46d-d4856454f4ba 2022-03-18T00:34:52.734722Z 2022-03-18T00:34:52.734722Z      3.63               3.63      3.63         1 
1ab3b14e-93b1-11e9-b465-d4856454f4ba 2022-03-18T01:00:51.289024Z 2022-03-18T01:00:51.289024Z      53.0               53.0      53.0         1 
62e71893-92e0-11e9-b465-d4856454f4ba 2022-03-18T01:05:51.594725Z 2022-03-18T01:53:51.599559Z     21.35 49.903333333333336     71.65         3 
68ae8bef-92e1-11e9-b465-d4856454f4ba 2022-03-18T01:18:52.411595Z 2022-03-18T01:18:52.411595Z     57.78              57.78     57.78         1 
d515dccb-58be-11ea-b46d-d4856454f4ba 2022-03-18T01:02:51.592337Z 2022-03-18T01:47:51.601465Z     45.68 62.290000000000006      78.9         2 
f0bd0832-a81e-11ea-b46d-d4856454f4ba 2022-03-18T01:23:52.407239Z 2022-03-18T01:23:52.407239Z      41.2               41.2      41.2         1 
62e71893-92e0-11e9-b465-d4856454f4ba 2022-03-18T02:00:51.297742Z 2022-03-18T02:56:51.571948Z     17.03 59.563999999999986      76.3         5 
f0bd0832-a81e-11ea-b46d-d4856454f4ba 2022-03-18T02:29:51.253775Z 2022-03-18T02:29:51.253775Z      16.1               16.1      16.1         1 
1ab3b14e-93b1-11e9-b465-d4856454f4ba 2022-03-18T03:42:52.378145Z 2022-03-18T03:42:52.378145Z      1.01               1.01      1.01         1 
68ae8bef-92e1-11e9-b465-d4856454f4ba 2022-03-18T03:08:52.741086Z 2022-03-18T03:40:52.407832Z     21.26 36.443333333333335      51.4         3 
1ab3b14e-93b1-11e9-b465-d4856454f4ba 2022-03-18T04:05:51.574042Z 2022-03-18T04:05:51.574042Z      83.1               83.1      83.1         1 
62e71893-92e0-11e9-b465-d4856454f4ba 2022-03-18T04:07:51.580910Z 2022-03-18T04:41:52.401516Z     11.31            42.1225     87.72         4 
68ae8bef-92e1-11e9-b465-d4856454f4ba 2022-03-18T04:13:51.304122Z 2022-03-18T04:13:51.304122Z     14.49              14.49     14.49         1 
d515dccb-58be-11ea-b46d-d4856454f4ba 2022-03-18T04:19:51.996325Z 2022-03-18T04:41:52.403932Z     37.38             67.855     98.33         2 
68ae8bef-92e1-11e9-b465-d4856454f4ba 2022-03-18T05:23:52.409930Z 2022-03-18T05:23:52.409930Z      4.79               4.79      4.79         1 
d515dccb-58be-11ea-b46d-d4856454f4ba 2022-03-18T05:22:52.367414Z 2022-03-18T05:22:52.367414Z     37.79              37.79     37.79         1 
f0bd0832-a81e-11ea-b46d-d4856454f4ba 2022-03-18T05:34:51.569889Z 2022-03-18T05:34:51.569889Z     98.95              98.95     98.95         1 
1ab3b14e-93b1-11e9-b465-d4856454f4ba 2022-03-18T06:20:51.981264Z 2022-03-18T06:31:52.762423Z     10.35              12.52     14.69         2 
68ae8bef-92e1-11e9-b465-d4856454f4ba 2022-03-18T06:29:51.274720Z 2022-03-18T06:42:51.578629Z     48.85  63.82000000000001     78.79         2 
1ab3b14e-93b1-11e9-b465-d4856454f4ba 2022-03-18T07:05:51.976631Z 2022-03-18T07:51:52.761560Z     42.83             68.424     93.86         5 
62e71893-92e0-11e9-b465-d4856454f4ba 2022-03-18T07:24:52.367685Z 2022-03-18T07:24:52.367685Z     92.36              92.36     92.36         1 
f0bd0832-a81e-11ea-b46d-d4856454f4ba 2022-03-18T07:01:52.708346Z 2022-03-18T07:01:52.708346Z     58.23              58.23     58.23         1 
1ab3b14e-93b1-11e9-b465-d4856454f4ba 2022-03-18T08:55:52.368949Z 2022-03-18T08:55:52.368949Z     37.85              37.85     37.85         1 

parentelement                        min_ts                      max_ts                      min_value avg_value          max_value row_count 
------------------------------------ --------------------------- --------------------------- --------- ------------------ --------- --------- 
62e71893-92e0-11e9-b465-d4856454f4ba 2022-03-18T08:26:51.999684Z 2022-03-18T08:26:51.999684Z     45.79              45.79     45.79         1 
d515dccb-58be-11ea-b46d-d4856454f4ba 2022-03-18T08:04:51.995754Z 2022-03-18T08:23:52.761095Z     51.12             56.875     62.63         2 
f0bd0832-a81e-11ea-b46d-d4856454f4ba 2022-03-18T08:36:51.569745Z 2022-03-18T08:36:51.569745Z     81.62              81.62     81.62         1 
1ab3b14e-93b1-11e9-b465-d4856454f4ba 2022-03-18T09:54:52.709130Z 2022-03-18T09:54:52.709130Z      3.37               3.37      3.37         1 
62e71893-92e0-11e9-b465-d4856454f4ba 2022-03-18T09:56:52.400430Z 2022-03-18T09:56:52.400430Z     68.51              68.51     68.51         1 
68ae8bef-92e1-11e9-b465-d4856454f4ba 2022-03-18T09:17:52.712862Z 2022-03-18T09:54:52.399209Z     49.33             50.555     51.78         2 
d515dccb-58be-11ea-b46d-d4856454f4ba 2022-03-18T09:38:52.728437Z 2022-03-18T09:58:51.977825Z     16.48 30.919999999999998     45.35         3 
62e71893-92e0-11e9-b465-d4856454f4ba 2022-03-18T10:16:51.299803Z 2022-03-18T10:53:51.575456Z      6.56 25.906666666666666     59.66         3 
d515dccb-58be-11ea-b46d-d4856454f4ba 2022-03-18T10:15:52.421430Z 2022-03-18T10:56:52.404207Z      9.34              43.32      77.3         2 
f0bd0832-a81e-11ea-b46d-d4856454f4ba 2022-03-18T10:38:52.736340Z 2022-03-18T10:38:52.736340Z     51.25              51.25     51.25         1 
1ab3b14e-93b1-11e9-b465-d4856454f4ba 2022-03-18T11:18:52.405618Z 2022-03-18T11:21:51.964760Z     19.72              36.01      52.3         2 
62e71893-92e0-11e9-b465-d4856454f4ba 2022-03-18T11:14:52.377933Z 2022-03-18T11:14:52.377933Z     45.12              45.12     45.12         1 
68ae8bef-92e1-11e9-b465-d4856454f4ba 2022-03-18T11:33:52.712809Z 2022-03-18T11:40:51.570909Z     50.62             74.735     98.85         2 
d515dccb-58be-11ea-b46d-d4856454f4ba 2022-03-18T11:11:51.620568Z 2022-03-18T11:44:51.298648Z     62.29  75.53333333333333      99.9         3 
f0bd0832-a81e-11ea-b46d-d4856454f4ba 2022-03-18T11:40:51.611996Z 2022-03-18T11:40:51.611996Z      97.0               97.0      97.0         1 
1ab3b14e-93b1-11e9-b465-d4856454f4ba 2022-03-18T12:14:51.576338Z 2022-03-18T12:46:52.754058Z     56.08              68.87     81.66         2 
62e71893-92e0-11e9-b465-d4856454f4ba 2022-03-18T12:05:51.952153Z 2022-03-18T12:50:51.991878Z     16.93  41.02333333333333     60.28         3 
68ae8bef-92e1-11e9-b465-d4856454f4ba 2022-03-18T12:20:51.257904Z 2022-03-18T12:20:51.257904Z     39.09              39.09     39.09         1 
d515dccb-58be-11ea-b46d-d4856454f4ba 2022-03-18T12:27:52.708808Z 2022-03-18T12:27:52.708808Z     76.52              76.52     76.52         1 
f0bd0832-a81e-11ea-b46d-d4856454f4ba 2022-03-18T12:57:52.711780Z 2022-03-18T12:57:52.711780Z     20.62              20.62     20.62         1 
1ab3b14e-93b1-11e9-b465-d4856454f4ba 2022-03-18T13:36:52.381695Z 2022-03-18T13:36:52.381695Z     99.16              99.16     99.16         1 
62e71893-92e0-11e9-b465-d4856454f4ba 2022-03-18T13:04:52.725030Z 2022-03-18T13:04:52.725030Z     78.52              78.52     78.52         1 
68ae8bef-92e1-11e9-b465-d4856454f4ba 2022-03-18T13:31:51.255673Z 2022-03-18T13:38:51.291726Z      12.1 14.684999999999999     17.27         2 
d515dccb-58be-11ea-b46d-d4856454f4ba 2022-03-18T13:21:52.746337Z 2022-03-18T13:21:52.746337Z      57.3               57.3      57.3         1 
f0bd0832-a81e-11ea-b46d-d4856454f4ba 2022-03-18T13:17:51.258542Z 2022-03-18T13:17:51.258542Z     43.67              43.67     43.67         1 

parentelement                        min_ts                      max_ts                      min_value avg_value          max_value row_count 
------------------------------------ --------------------------- --------------------------- --------- ------------------ --------- --------- 
1ab3b14e-93b1-11e9-b465-d4856454f4ba 2022-03-18T14:13:52.005242Z 2022-03-18T14:57:51.609701Z     12.46            42.6225     62.08         4 
62e71893-92e0-11e9-b465-d4856454f4ba 2022-03-18T14:03:51.565856Z 2022-03-18T14:50:52.746118Z       0.2 44.873333333333335     98.25         3 
68ae8bef-92e1-11e9-b465-d4856454f4ba 2022-03-18T14:18:52.396764Z 2022-03-18T14:59:52.012234Z      2.83              38.87     74.91         2 
d515dccb-58be-11ea-b46d-d4856454f4ba 2022-03-18T14:57:51.565774Z 2022-03-18T14:57:51.565774Z     45.15              45.15     45.15         1 
1ab3b14e-93b1-11e9-b465-d4856454f4ba 2022-03-18T15:18:51.973683Z 2022-03-18T15:26:51.953800Z     13.25  55.57333333333333      87.6         3 
68ae8bef-92e1-11e9-b465-d4856454f4ba 2022-03-18T15:05:51.257593Z 2022-03-18T15:47:52.011828Z     28.51  69.30666666666667     90.32         3 
d515dccb-58be-11ea-b46d-d4856454f4ba 2022-03-18T15:04:52.725858Z 2022-03-18T15:04:52.725858Z     26.55              26.55     26.55         1 
f0bd0832-a81e-11ea-b46d-d4856454f4ba 2022-03-18T15:08:52.725002Z 2022-03-18T15:28:52.730761Z      0.47             13.485      26.5         2 
62e71893-92e0-11e9-b465-d4856454f4ba 2022-03-18T16:38:52.391842Z 2022-03-18T16:48:51.986932Z     69.17              78.95     88.73         2 
68ae8bef-92e1-11e9-b465-d4856454f4ba 2022-03-18T16:27:52.008317Z 2022-03-18T16:27:52.008317Z     54.06              54.06     54.06         1 
d515dccb-58be-11ea-b46d-d4856454f4ba 2022-03-18T16:38:51.999215Z 2022-03-18T16:38:51.999215Z     70.13              70.13     70.13         1 
1ab3b14e-93b1-11e9-b465-d4856454f4ba 2022-03-18T17:03:51.600480Z 2022-03-18T17:40:51.259640Z     27.13  59.03333333333334     85.98         3 
68ae8bef-92e1-11e9-b465-d4856454f4ba 2022-03-18T17:44:51.985540Z 2022-03-18T17:44:51.985540Z      0.15               0.15      0.15         1 
d515dccb-58be-11ea-b46d-d4856454f4ba 2022-03-18T17:09:52.421795Z 2022-03-18T17:59:51.607918Z      16.5  44.53333333333334     79.15         3 
1ab3b14e-93b1-11e9-b465-d4856454f4ba 2022-03-18T18:27:52.401734Z 2022-03-18T18:53:52.725167Z     52.04              64.67      77.3         2 
62e71893-92e0-11e9-b465-d4856454f4ba 2022-03-18T18:01:51.987351Z 2022-03-18T18:19:52.401174Z     69.97             84.925     99.88         2 
d515dccb-58be-11ea-b46d-d4856454f4ba 2022-03-18T18:17:51.953892Z 2022-03-18T18:36:51.255731Z     36.88 58.126666666666665     70.21         3 
f0bd0832-a81e-11ea-b46d-d4856454f4ba 2022-03-18T18:17:51.599477Z 2022-03-18T18:43:52.399958Z     69.74              74.13     78.52         2 
1ab3b14e-93b1-11e9-b465-d4856454f4ba 2022-03-18T19:12:52.417028Z 2022-03-18T19:45:52.741611Z     31.95  55.51666666666667     80.86         3 
68ae8bef-92e1-11e9-b465-d4856454f4ba 2022-03-18T19:28:51.992908Z 2022-03-18T19:28:51.992908Z     38.61              38.61     38.61         1 
d515dccb-58be-11ea-b46d-d4856454f4ba 2022-03-18T19:14:52.741943Z 2022-03-18T19:55:51.958661Z     22.95               38.7     55.16         5 
f0bd0832-a81e-11ea-b46d-d4856454f4ba 2022-03-18T19:05:51.572934Z 2022-03-18T19:54:52.744704Z      6.82 53.626666666666665     83.79         3 
1ab3b14e-93b1-11e9-b465-d4856454f4ba 2022-03-18T20:33:51.566294Z 2022-03-18T20:33:51.566294Z     67.87              67.87     67.87         1 
62e71893-92e0-11e9-b465-d4856454f4ba 2022-03-18T20:56:51.248718Z 2022-03-18T20:56:51.248718Z     93.42              93.42     93.42         1 
68ae8bef-92e1-11e9-b465-d4856454f4ba 2022-03-18T20:01:52.005851Z 2022-03-18T20:01:52.005851Z      7.87               7.87      7.87         1 

parentelement                        min_ts                      max_ts                      min_value avg_value          max_value row_count 
------------------------------------ --------------------------- --------------------------- --------- ------------------ --------- --------- 
68ae8bef-92e1-11e9-b465-d4856454f4ba 2022-03-18T21:20:51.294229Z 2022-03-18T21:20:51.294229Z     26.97              26.97     26.97         1 
d515dccb-58be-11ea-b46d-d4856454f4ba 2022-03-18T21:19:51.609512Z 2022-03-18T21:38:51.959094Z      50.2 61.565000000000005     72.93         2 
62e71893-92e0-11e9-b465-d4856454f4ba 2022-03-18T22:55:52.740175Z 2022-03-18T22:55:52.740175Z     32.97              32.97     32.97         1 
f0bd0832-a81e-11ea-b46d-d4856454f4ba 2022-03-18T22:12:51.253455Z 2022-03-18T22:12:51.253455Z     39.15              39.15     39.15         1 
62e71893-92e0-11e9-b465-d4856454f4ba 2022-03-18T23:01:52.712229Z 2022-03-18T23:30:51.613506Z       3.5               4.12      4.74         2 
f0bd0832-a81e-11ea-b46d-d4856454f4ba 2022-03-18T23:18:51.278998Z 2022-03-18T23:50:51.971965Z      3.26 55.323333333333345     89.76         3 
