
Ping Sensor - hardcoded Period test = true
min_ts                      max_ts                      min_value avg_value          max_value 
--------------------------- --------------------------- --------- ------------------ --------- 
2022-04-04T00:03:47.245980Z 2022-04-04T23:57:46.812424Z      0.01 15.505405405405407     48.21 
