==========================================================================
Title:      12 hour increments
Date:       2023-04-06 16:32:04.649998
Command:    select increments(hour, 12, timestamp), min(timestamp) as min_ts, max(timestamp) as max_ts, min(value) as min_val, max(value) as max_val, avg(value)::float(6) as avg_value, sum(value)::float(6) as sum_val, count(*) as row_count from ping_sensor where timestamp >= '2022-02-15 00:00:00' and timestamp <= '2022-02-20 00:00:00'
DBMS:       test
Include:    (percentagecpu_sensor)
Extend:     (@table_name as table)
Format:     table
==========================================================================
table                min_ts                     max_ts                     min_val max_val avg_value sum_val row_count 
-------------------- -------------------------- -------------------------- ------- ------- --------- ------- --------- 
percentagecpu_sensor 2022-02-15 00:05:52.386039 2022-02-15 11:58:52.710952    4.89   98.06 51.091857 3576.43        70 
ping_sensor          2022-02-15 00:01:46.048094 2022-02-15 11:05:47.244076    0.08    48.7 17.040649 1312.13        77 
percentagecpu_sensor 2022-02-15 12:31:51.290935 2022-02-15 23:48:51.270144    1.87   99.32 53.222647 3619.14        68 
ping_sensor          2022-02-15 12:12:46.746584 2022-02-15 23:57:47.524155     0.1   47.23 15.271447 1160.63        76 
percentagecpu_sensor 2022-02-16 00:05:52.381667 2022-02-16 11:52:51.268172    1.94   95.55 41.287714 2890.14        70 
ping_sensor          2022-02-16 00:00:47.245747 2022-02-16 11:43:47.223794    0.04   45.84 17.302381 1090.05        63 
percentagecpu_sensor 2022-02-16 12:16:52.726711 2022-02-16 23:44:52.750561    0.13   98.58 51.970455 3430.05        66 
ping_sensor          2022-02-16 12:09:46.847479 2022-02-16 23:50:46.814411    0.23   48.28 16.946986 1237.13        73 
percentagecpu_sensor 2022-02-17 00:09:52.733823 2022-02-17 11:49:52.424561    0.22   97.67 46.855085 2764.45        59 
ping_sensor          2022-02-17 00:25:46.824363 2022-02-17 11:53:46.401478    0.02    48.5 17.453594 1117.03        64 
percentagecpu_sensor 2022-02-17 12:10:51.980471 2022-02-17 23:58:52.409214    0.11   99.72 45.710238 3839.66        84 
ping_sensor          2022-02-17 12:00:46.846545 2022-02-17 23:52:46.406387    0.22    48.9 13.157391  907.86        69 
percentagecpu_sensor 2022-02-18 00:12:51.587003 2022-02-18 11:39:52.410774    1.57   98.57 48.562105 2768.04        57 
ping_sensor          2022-02-18 00:17:46.371949 2022-02-18 11:54:47.512872    0.17   48.88 16.708143 1169.57        70 
percentagecpu_sensor 2022-02-18 12:07:51.600170 2022-02-18 23:48:52.376862    2.28   97.52 46.642222 2938.46        63 
ping_sensor          2022-02-18 12:06:46.402085 2022-02-18 23:47:46.421230    0.54   45.51 13.143906  841.21        64 
percentagecpu_sensor 2022-02-19 00:07:52.717122 2022-02-19 11:56:51.277732    2.79   97.11 52.544412 3573.02        68 
ping_sensor          2022-02-19 00:17:47.231540 2022-02-19 11:56:47.208066    0.02   48.35     15.03 1067.13        71 
percentagecpu_sensor 2022-02-19 12:06:51.584119 2022-02-19 23:53:51.257564     0.0   99.46 45.475373 3046.85        67 
ping_sensor          2022-02-19 12:10:47.518043 2022-02-19 23:46:46.102743    0.03   48.26 15.227714 1065.94        70 
